2025-08-06 19:10:06,534 - Knowledge - INFO - Redis support added with prefix knowledge:b2416vh:
2025-08-06 19:10:06,806 - Knowledge - INFO - load persisted knowledge: begin
2025-08-06 19:10:06,915 - Knowledge - INFO - load persisted knowledge: end
2025-08-06 19:10:07,044 - Knowledge - INFO - load persisted docinfo: begin
2025-08-06 19:10:07,164 - Knowledge - INFO - load persisted docinfo: end
2025-08-06 19:10:07,310 - Knowledge - INFO - worker kw1 created with dedicated MongoDB connection (total: 1)
2025-08-06 19:10:07,406 - Knowledge - INFO - knowledge worker kw1 start
2025-08-06 19:10:07,410 - Knowledge - INFO - worker kw2 created with dedicated MongoDB connection (total: 2)
2025-08-06 19:10:07,536 - Knowledge - INFO - worker kw1 pull /app/data/T0015/54443/b2416vh/projects_realestate/pages/search.js from ingest queue
2025-08-06 19:10:07,657 - Knowledge - INFO - knowledge worker kw2 start
2025-08-06 19:10:07,659 - Knowledge - INFO - worker kw3 created with dedicated MongoDB connection (total: 3)
2025-08-06 19:10:07,777 - Knowledge - INFO - process ingested knowledge for /app/data/T0015/54443/b2416vh/projects_realestate/pages/search.js
2025-08-06 19:10:07,835 - Knowledge - INFO - worker kw2 pull /app/data/T0015/54443/b2416vh/projects_realestate/pages/property/[id].js from ingest queue
2025-08-06 19:10:07,920 - Knowledge - INFO - knowledge worker kw3 start
2025-08-06 19:10:07,925 - Knowledge - INFO - worker kw4 created with dedicated MongoDB connection (total: 4)
2025-08-06 19:10:08,047 - Knowledge - INFO - Found code-base-name: https://github.com/DanAnt123/projects_realestate.git:main
2025-08-06 19:10:08,240 - Knowledge - INFO - process ingested knowledge for /app/data/T0015/54443/b2416vh/projects_realestate/pages/property/[id].js
2025-08-06 19:10:08,297 - Knowledge - INFO - worker kw3 pull /app/data/T0015/54443/b2416vh/projects_realestate/pages/index.js from ingest queue
2025-08-06 19:10:08,387 - Knowledge - INFO - knowledge worker kw4 start
2025-08-06 19:10:08,392 - Knowledge - INFO - worker kw5 created with dedicated MongoDB connection (total: 5)
2025-08-06 19:10:08,464 - Knowledge - INFO - Found code_base: <app.utils.kg_build.knowledge.KnowledgeCodeBase object at 0x7f840bd73010>
2025-08-06 19:10:08,587 - Knowledge - INFO - Found code-base-name: https://github.com/DanAnt123/projects_realestate.git:main
2025-08-06 19:10:08,725 - Knowledge - INFO - process ingested knowledge for /app/data/T0015/54443/b2416vh/projects_realestate/pages/index.js
2025-08-06 19:10:08,801 - Knowledge - INFO - worker kw4 pull /app/data/T0015/54443/b2416vh/projects_realestate/pages/_app.js from ingest queue
2025-08-06 19:10:08,915 - Knowledge - INFO - knowledge worker kw5 start
2025-08-06 19:10:08,918 - Knowledge - INFO - worker kw6 created with dedicated MongoDB connection (total: 6)
2025-08-06 19:10:09,026 - Knowledge - INFO - persist ingested knowledge for /app/data/T0015/54443/b2416vh/projects_realestate/pages/search.js
2025-08-06 19:10:09,110 - Knowledge - INFO - Found code_base: <app.utils.kg_build.knowledge.KnowledgeCodeBase object at 0x7f840bd73010>
2025-08-06 19:10:09,211 - Knowledge - INFO - Found code-base-name: https://github.com/DanAnt123/projects_realestate.git:main
2025-08-06 19:10:09,356 - Knowledge - INFO - process ingested knowledge for /app/data/T0015/54443/b2416vh/projects_realestate/pages/_app.js
2025-08-06 19:10:09,428 - Knowledge - INFO - worker kw5 pull /app/data/T0015/54443/b2416vh/projects_realestate/package.json from ingest queue
2025-08-06 19:10:09,500 - Knowledge - INFO - knowledge worker kw6 start
2025-08-06 19:10:09,502 - Knowledge - INFO - worker kw7 created with dedicated MongoDB connection (total: 7)
2025-08-06 19:10:09,651 - Knowledge - INFO - adding /app/data/T0015/54443/b2416vh/projects_realestate/pages/search.js to ingest queue
2025-08-06 19:10:09,708 - Knowledge - INFO - persist ingested knowledge for /app/data/T0015/54443/b2416vh/projects_realestate/pages/property/[id].js
2025-08-06 19:10:09,811 - Knowledge - INFO - Found code_base: <app.utils.kg_build.knowledge.KnowledgeCodeBase object at 0x7f840bd73010>
2025-08-06 19:10:10,047 - Knowledge - INFO - process ingested knowledge for /app/data/T0015/54443/b2416vh/projects_realestate/package.json
2025-08-06 19:10:10,258 - Knowledge - INFO - knowledge worker kw7 start
2025-08-06 19:10:10,259 - Knowledge - INFO - worker kw8 created with dedicated MongoDB connection (total: 8)
2025-08-06 19:10:10,344 - Knowledge - INFO - Found code-base-name: https://github.com/DanAnt123/projects_realestate.git:main
2025-08-06 19:10:10,344 - Knowledge - INFO - worker kw6 pull /app/data/T0015/54443/b2416vh/projects_realestate/components/Property.jsx from ingest queue
2025-08-06 19:10:10,345 - Knowledge - INFO - worker kw1 pull /app/data/T0015/54443/b2416vh/projects_realestate/components/Footer.jsx from ingest queue
2025-08-06 19:10:10,502 - Knowledge - INFO - adding /app/data/T0015/54443/b2416vh/projects_realestate/pages/property/[id].js to ingest queue
2025-08-06 19:10:10,530 - Knowledge - INFO - persist ingested knowledge for /app/data/T0015/54443/b2416vh/projects_realestate/pages/index.js
2025-08-06 19:10:10,776 - Knowledge - INFO - knowledge worker kw8 start
2025-08-06 19:10:10,778 - Knowledge - INFO - worker kw9 created with dedicated MongoDB connection (total: 9)
2025-08-06 19:10:10,859 - Knowledge - INFO - Found code_base: <app.utils.kg_build.knowledge.KnowledgeCodeBase object at 0x7f840bd73010>
2025-08-06 19:10:11,002 - Knowledge - INFO - process ingested knowledge for /app/data/T0015/54443/b2416vh/projects_realestate/components/Property.jsx
2025-08-06 19:10:11,101 - Knowledge - INFO - process ingested knowledge for /app/data/T0015/54443/b2416vh/projects_realestate/components/Footer.jsx
2025-08-06 19:10:11,184 - Knowledge - INFO - Found code-base-name: https://github.com/DanAnt123/projects_realestate.git:main
2025-08-06 19:10:11,185 - Knowledge - INFO - worker kw7 pull /app/data/T0015/54443/b2416vh/projects_realestate/components/SearchFilters.jsx from ingest queue
2025-08-06 19:10:11,185 - Knowledge - INFO - worker kw2 pull /app/data/T0015/54443/b2416vh/projects_realestate/components/ImageScrollbar.jsx from ingest queue
2025-08-06 19:10:11,371 - Knowledge - INFO - adding /app/data/T0015/54443/b2416vh/projects_realestate/pages/index.js to ingest queue
2025-08-06 19:10:11,494 - Knowledge - INFO - knowledge worker kw9 start
2025-08-06 19:10:11,497 - Knowledge - INFO - worker kw10 created with dedicated MongoDB connection (total: 10)
2025-08-06 19:10:11,576 - Knowledge - INFO - persist ingested knowledge for /app/data/T0015/54443/b2416vh/projects_realestate/pages/_app.js
2025-08-06 19:10:11,846 - Knowledge - INFO - Found code_base: <app.utils.kg_build.knowledge.KnowledgeCodeBase object at 0x7f840bd73010>
2025-08-06 19:10:11,999 - Knowledge - INFO - process ingested knowledge for /app/data/T0015/54443/b2416vh/projects_realestate/components/SearchFilters.jsx
2025-08-06 19:10:12,099 - Knowledge - INFO - process ingested knowledge for /app/data/T0015/54443/b2416vh/projects_realestate/components/ImageScrollbar.jsx
2025-08-06 19:10:12,187 - Knowledge - INFO - worker kw3 pull /app/data/T0015/54443/b2416vh/projects_realestate/components/Layout.jsx from ingest queue
2025-08-06 19:10:12,188 - Knowledge - INFO - Found code-base-name: https://github.com/DanAnt123/projects_realestate.git:main
2025-08-06 19:10:12,188 - Knowledge - INFO - Found code-base-name: https://github.com/DanAnt123/projects_realestate.git:main
2025-08-06 19:10:12,188 - Knowledge - INFO - worker kw8 pull /app/data/T0015/54443/b2416vh/projects_realestate/components/Navbar.jsx from ingest queue
2025-08-06 19:10:12,285 - Knowledge - INFO - worker kw9 pull /app/data/T0015/54443/b2416vh/projects_realestate/next.config.js from ingest queue
2025-08-06 19:10:12,386 - Knowledge - INFO - knowledge worker kw10 start
2025-08-06 19:10:12,388 - Knowledge - INFO - worker kw11 created with dedicated MongoDB connection (total: 11)
2025-08-06 19:10:12,572 - Knowledge - INFO - adding /app/data/T0015/54443/b2416vh/projects_realestate/pages/_app.js to ingest queue
2025-08-06 19:10:12,625 - Knowledge - INFO - persist ingested knowledge for /app/data/T0015/54443/b2416vh/projects_realestate/package.json
2025-08-06 19:10:12,952 - Knowledge - INFO - process ingested knowledge for /app/data/T0015/54443/b2416vh/projects_realestate/components/Layout.jsx
2025-08-06 19:10:13,015 - Knowledge - INFO - Found code_base: <app.utils.kg_build.knowledge.KnowledgeCodeBase object at 0x7f840bd73010>
2025-08-06 19:10:13,096 - Knowledge - INFO - Found code_base: <app.utils.kg_build.knowledge.KnowledgeCodeBase object at 0x7f840bd73010>
2025-08-06 19:10:13,227 - Knowledge - INFO - process ingested knowledge for /app/data/T0015/54443/b2416vh/projects_realestate/components/Navbar.jsx
2025-08-06 19:10:13,313 - Knowledge - INFO - process ingested knowledge for /app/data/T0015/54443/b2416vh/projects_realestate/next.config.js
2025-08-06 19:10:13,500 - Knowledge - INFO - knowledge worker kw11 start
2025-08-06 19:10:13,502 - Knowledge - INFO - worker kw12 created with dedicated MongoDB connection (total: 12)
2025-08-06 19:10:13,602 - Knowledge - INFO - Found code-base-name: https://github.com/DanAnt123/projects_realestate.git:main
2025-08-06 19:10:13,603 - Knowledge - INFO - Found code-base-name: https://github.com/DanAnt123/projects_realestate.git:main
2025-08-06 19:10:14,560 - Knowledge - INFO - Found code_base: <app.utils.kg_build.knowledge.KnowledgeCodeBase object at 0x7f840bd73010>
2025-08-06 19:10:13,603 - Knowledge - INFO - worker kw4 pull /app/data/T0015/54443/b2416vh/projects_realestate/utils/fetchApi.js from ingest queue
2025-08-06 19:10:13,744 - Knowledge - INFO - adding /app/data/T0015/54443/b2416vh/projects_realestate/package.json to ingest queue
2025-08-06 19:10:13,874 - Knowledge - INFO - persist ingested knowledge for /app/data/T0015/54443/b2416vh/projects_realestate/components/Footer.jsx
2025-08-06 19:10:13,965 - Knowledge - INFO - persist ingested knowledge for /app/data/T0015/54443/b2416vh/projects_realestate/components/Property.jsx
2025-08-06 19:10:14,343 - Knowledge - INFO - knowledge worker kw12 start
2025-08-06 19:10:14,347 - Knowledge - INFO - worker kw13 created with dedicated MongoDB connection (total: 13)
2025-08-06 19:10:14,443 - Knowledge - INFO - Found code_base: <app.utils.kg_build.knowledge.KnowledgeCodeBase object at 0x7f840bd73010>
2025-08-06 19:10:13,603 - Knowledge - INFO - worker kw10 pull /app/data/T0015/54443/b2416vh/projects_realestate/utils/filterData.js from ingest queue
2025-08-06 19:10:14,703 - Knowledge - INFO - persist ingested knowledge for /app/data/T0015/54443/b2416vh/projects_realestate/components/ImageScrollbar.jsx
2025-08-06 19:10:14,839 - Knowledge - INFO - process ingested knowledge for /app/data/T0015/54443/b2416vh/projects_realestate/utils/fetchApi.js
2025-08-06 19:10:14,918 - Knowledge - INFO - Found code-base-name: https://github.com/DanAnt123/projects_realestate.git:main
2025-08-06 19:10:14,918 - Knowledge - INFO - Found code-base-name: https://github.com/DanAnt123/projects_realestate.git:main
2025-08-06 19:10:14,918 - Knowledge - INFO - Found code-base-name: https://github.com/DanAnt123/projects_realestate.git:main
2025-08-06 19:10:14,919 - Knowledge - INFO - worker kw11 pull /app/data/T0015/54443/b2416vh/projects_realestate/README.md from ingest queue
2025-08-06 19:10:14,919 - Knowledge - INFO - worker kw5 pull /app/data/T0015/54443/b2416vh/projects_realestate/pages/search.js from ingest queue
2025-08-06 19:10:15,086 - Knowledge - INFO - adding /app/data/T0015/54443/b2416vh/projects_realestate/components/Footer.jsx to ingest queue
2025-08-06 19:10:15,341 - Knowledge - INFO - knowledge worker kw13 start
2025-08-06 19:10:15,343 - Knowledge - INFO - worker kw14 created with dedicated MongoDB connection (total: 14)
2025-08-06 19:10:15,459 - Knowledge - INFO - persist ingested knowledge for /app/data/T0015/54443/b2416vh/projects_realestate/components/SearchFilters.jsx
2025-08-06 19:10:15,563 - Knowledge - INFO - process ingested knowledge for /app/data/T0015/54443/b2416vh/projects_realestate/utils/filterData.js
2025-08-06 19:10:15,799 - Knowledge - INFO - Found code_base: <app.utils.kg_build.knowledge.KnowledgeCodeBase object at 0x7f840bd73010>
2025-08-06 19:10:15,896 - Knowledge - INFO - Found code_base: <app.utils.kg_build.knowledge.KnowledgeCodeBase object at 0x7f840bd73010>
2025-08-06 19:10:16,018 - Knowledge - INFO - Found code_base: <app.utils.kg_build.knowledge.KnowledgeCodeBase object at 0x7f840bd73010>
2025-08-06 19:10:16,135 - Knowledge - INFO - process ingested knowledge for /app/data/T0015/54443/b2416vh/projects_realestate/README.md
2025-08-06 19:10:16,218 - Knowledge - INFO - Thread kw5 - File search.js - Remaining files in queue: 4
2025-08-06 19:10:16,393 - Knowledge - INFO - worker kw12 pull /app/data/T0015/54443/b2416vh/projects_realestate/pages/property/[id].js from ingest queue
2025-08-06 19:10:16,442 - Knowledge - INFO - Found code-base-name: https://github.com/DanAnt123/projects_realestate.git:main
2025-08-06 19:10:16,442 - Knowledge - INFO - worker kw1 pull /app/data/T0015/54443/b2416vh/projects_realestate/pages/index.js from ingest queue
2025-08-06 19:10:16,442 - Knowledge - INFO - adding /app/data/T0015/54443/b2416vh/projects_realestate/components/Property.jsx to ingest queue
2025-08-06 19:10:16,544 - Knowledge - INFO - knowledge worker kw14 start
2025-08-06 19:10:16,546 - Knowledge - INFO - worker kw15 created with dedicated MongoDB connection (total: 15)
2025-08-06 19:10:16,891 - Knowledge - INFO - persist ingested knowledge for /app/data/T0015/54443/b2416vh/projects_realestate/components/Layout.jsx
2025-08-06 19:10:17,014 - Knowledge - INFO - persist ingested knowledge for /app/data/T0015/54443/b2416vh/projects_realestate/components/Navbar.jsx
2025-08-06 19:10:17,141 - Knowledge - INFO - persist ingested knowledge for /app/data/T0015/54443/b2416vh/projects_realestate/next.config.js
2025-08-06 19:10:17,303 - Knowledge - INFO - start ingest for /app/data/T0015/54443/b2416vh/projects_realestate/pages/search.js
2025-08-06 19:10:17,414 - Knowledge - INFO - Thread kw12 - File [id].js - Remaining files in queue: 3
2025-08-06 19:10:17,499 - Knowledge - INFO - Found code_base: <app.utils.kg_build.knowledge.KnowledgeCodeBase object at 0x7f840bd73010>
2025-08-06 19:10:17,596 - Knowledge - INFO - Thread kw1 - File index.js - Remaining files in queue: 3
2025-08-06 19:10:17,710 - Knowledge - INFO - adding /app/data/T0015/54443/b2416vh/projects_realestate/components/ImageScrollbar.jsx to ingest queue
2025-08-06 19:10:17,918 - Knowledge - INFO - knowledge worker kw15 start
2025-08-06 19:10:18,359 - Knowledge - INFO - start ingest for /app/data/T0015/54443/b2416vh/projects_realestate/pages/property/[id].js
2025-08-06 19:10:18,471 - Knowledge - INFO - persist ingested knowledge for /app/data/T0015/54443/b2416vh/projects_realestate/utils/fetchApi.js
2025-08-06 19:10:18,602 - Knowledge - INFO - start ingest for /app/data/T0015/54443/b2416vh/projects_realestate/pages/index.js
2025-08-06 19:10:18,704 - Knowledge - INFO - worker kw13 pull /app/data/T0015/54443/b2416vh/projects_realestate/pages/_app.js from ingest queue
2025-08-06 19:10:18,778 - Knowledge - INFO - Found code-base-name: https://github.com/DanAnt123/projects_realestate.git:main
2025-08-06 19:10:18,779 - Knowledge - INFO - Found code-base-name: https://github.com/DanAnt123/projects_realestate.git:main
2025-08-06 19:10:18,779 - Knowledge - INFO - worker kw6 pull /app/data/T0015/54443/b2416vh/projects_realestate/package.json from ingest queue
2025-08-06 19:10:18,779 - Knowledge - INFO - worker kw14 pull /app/data/T0015/54443/b2416vh/projects_realestate/components/Footer.jsx from ingest queue
2025-08-06 19:10:18,910 - Knowledge - INFO - worker kw2 pull /app/data/T0015/54443/b2416vh/projects_realestate/components/Property.jsx from ingest queue
2025-08-06 19:10:18,911 - Knowledge - INFO - adding /app/data/T0015/54443/b2416vh/projects_realestate/components/SearchFilters.jsx to ingest queue
2025-08-06 19:10:19,227 - Knowledge - INFO - Thread kw13 - File _app.js - Remaining files in queue: 1
2025-08-06 19:10:19,316 - Knowledge - INFO - Found code_base: <app.utils.kg_build.knowledge.KnowledgeCodeBase object at 0x7f840bd73010>
2025-08-06 19:10:19,415 - Knowledge - INFO - Found code_base: <app.utils.kg_build.knowledge.KnowledgeCodeBase object at 0x7f840bd73010>
2025-08-06 19:10:19,495 - Knowledge - INFO - Thread kw6 - File package.json - Remaining files in queue: 1
2025-08-06 19:10:19,570 - Knowledge - INFO - Thread kw14 - File Footer.jsx - Remaining files in queue: 1
2025-08-06 19:10:19,652 - Knowledge - INFO - Thread kw2 - File Property.jsx - Remaining files in queue: 1
2025-08-06 19:10:19,749 - Knowledge - INFO - worker kw15 pull /app/data/T0015/54443/b2416vh/projects_realestate/components/ImageScrollbar.jsx from ingest queue
2025-08-06 19:10:19,750 - Knowledge - INFO - adding /app/data/T0015/54443/b2416vh/projects_realestate/components/Navbar.jsx to ingest queue
2025-08-06 19:10:19,862 - Knowledge - INFO - start ingest for /app/data/T0015/54443/b2416vh/projects_realestate/pages/_app.js
2025-08-06 19:10:19,954 - Knowledge - INFO - persist ingested knowledge for /app/data/T0015/54443/b2416vh/projects_realestate/utils/filterData.js
2025-08-06 19:10:20,034 - Knowledge - INFO - persist ingested knowledge for /app/data/T0015/54443/b2416vh/projects_realestate/README.md
2025-08-06 19:10:20,146 - Knowledge - INFO - start ingest for /app/data/T0015/54443/b2416vh/projects_realestate/package.json
2025-08-06 19:10:20,249 - Knowledge - INFO - start ingest for /app/data/T0015/54443/b2416vh/projects_realestate/components/Footer.jsx
2025-08-06 19:10:20,337 - Knowledge - INFO - start ingest for /app/data/T0015/54443/b2416vh/projects_realestate/components/Property.jsx
2025-08-06 19:10:20,426 - Knowledge - INFO - Thread kw15 - File ImageScrollbar.jsx - Remaining files in queue: 1
2025-08-06 19:10:21,445 - Knowledge - INFO - start ingest for /app/data/T0015/54443/b2416vh/projects_realestate/components/ImageScrollbar.jsx
2025-08-06 19:10:21,203 - Knowledge - INFO - Fast-track processing for simple file: /app/data/T0015/54443/b2416vh/projects_realestate/package.json
2025-08-06 19:10:21,270 - Knowledge - INFO - Fast-track processing for simple file: /app/data/T0015/54443/b2416vh/projects_realestate/components/Footer.jsx
2025-08-06 19:10:20,593 - Knowledge - INFO - adding /app/data/T0015/54443/b2416vh/projects_realestate/next.config.js to ingest queue
2025-08-06 19:10:21,667 - Knowledge - INFO - done fast ingest for /app/data/T0015/54443/b2416vh/projects_realestate/package.json
2025-08-06 19:10:21,765 - Knowledge - INFO - done fast ingest for /app/data/T0015/54443/b2416vh/projects_realestate/components/Footer.jsx
2025-08-06 19:10:21,976 - Knowledge - INFO - worker kw7 pull /app/data/T0015/54443/b2416vh/projects_realestate/components/SearchFilters.jsx from ingest queue
2025-08-06 19:10:21,977 - Knowledge - INFO - worker kw8 pull /app/data/T0015/54443/b2416vh/projects_realestate/components/Navbar.jsx from ingest queue
2025-08-06 19:10:21,999 - Knowledge - INFO - process ingested knowledge for /app/data/T0015/54443/b2416vh/projects_realestate/package.json
2025-08-06 19:10:22,044 - Knowledge - INFO - worker kw9 pull /app/data/T0015/54443/b2416vh/projects_realestate/next.config.js from ingest queue
2025-08-06 19:10:22,044 - Knowledge - INFO - adding /app/data/T0015/54443/b2416vh/projects_realestate/components/Layout.jsx to ingest queue
2025-08-06 19:10:22,140 - Knowledge - INFO - process ingested knowledge for /app/data/T0015/54443/b2416vh/projects_realestate/components/Footer.jsx
2025-08-06 19:10:22,206 - Knowledge - INFO - Thread kw7 - File SearchFilters.jsx - Remaining files in queue: 0
2025-08-06 19:10:22,310 - Knowledge - INFO - Thread kw8 - File Navbar.jsx - Remaining files in queue: 0
2025-08-06 19:10:22,522 - Knowledge - INFO - Thread kw9 - File next.config.js - Remaining files in queue: 0
2025-08-06 19:10:22,763 - Knowledge - INFO - adding /app/data/T0015/54443/b2416vh/projects_realestate/utils/fetchApi.js to ingest queue
2025-08-06 19:10:22,851 - Knowledge - INFO - start ingest for /app/data/T0015/54443/b2416vh/projects_realestate/components/SearchFilters.jsx
2025-08-06 19:10:22,947 - Knowledge - INFO - start ingest for /app/data/T0015/54443/b2416vh/projects_realestate/components/Navbar.jsx
2025-08-06 19:10:23,048 - Knowledge - INFO - start ingest for /app/data/T0015/54443/b2416vh/projects_realestate/next.config.js
2025-08-06 19:10:23,152 - Knowledge - INFO - adding /app/data/T0015/54443/b2416vh/projects_realestate/utils/filterData.js to ingest queue
2025-08-06 19:10:23,197 - Knowledge - INFO - done ingest for /app/data/T0015/54443/b2416vh/projects_realestate/pages/search.js
2025-08-06 19:10:23,565 - Knowledge - INFO - Fast-track processing for simple file: /app/data/T0015/54443/b2416vh/projects_realestate/next.config.js
2025-08-06 19:10:23,687 - Knowledge - INFO - Found code-base-name: https://github.com/DanAnt123/projects_realestate.git:main
2025-08-06 19:10:23,692 - Knowledge - INFO - worker kw3 pull /app/data/T0015/54443/b2416vh/projects_realestate/components/Layout.jsx from ingest queue
2025-08-06 19:10:23,698 - Knowledge - INFO - Found code-base-name: https://github.com/DanAnt123/projects_realestate.git:main
2025-08-06 19:10:23,709 - Knowledge - INFO - worker kw4 pull /app/data/T0015/54443/b2416vh/projects_realestate/utils/fetchApi.js from ingest queue
2025-08-06 19:10:23,714 - Knowledge - INFO - adding /app/data/T0015/54443/b2416vh/projects_realestate/README.md to ingest queue
2025-08-06 19:10:23,795 - Knowledge - INFO - process ingested knowledge for /app/data/T0015/54443/b2416vh/projects_realestate/pages/search.js
2025-08-06 19:10:23,860 - Knowledge - INFO - done fast ingest for /app/data/T0015/54443/b2416vh/projects_realestate/next.config.js
2025-08-06 19:10:23,942 - Knowledge - INFO - Found code_base: <app.utils.kg_build.knowledge.KnowledgeCodeBase object at 0x7f840bd73010>
2025-08-06 19:10:24,067 - Knowledge - INFO - Thread kw3 - File Layout.jsx - Remaining files in queue: 1
2025-08-06 19:10:24,156 - Knowledge - INFO - Found code_base: <app.utils.kg_build.knowledge.KnowledgeCodeBase object at 0x7f840bd73010>
2025-08-06 19:10:24,247 - Knowledge - INFO - Thread kw4 - File fetchApi.js - Remaining files in queue: 1
2025-08-06 19:10:24,364 - Knowledge - INFO - worker kw10 pull /app/data/T0015/54443/b2416vh/projects_realestate/utils/filterData.js from ingest queue
2025-08-06 19:10:24,364 - Knowledge - INFO - worker kw11 pull /app/data/T0015/54443/b2416vh/projects_realestate/README.md from ingest queue
2025-08-06 19:10:24,481 - Knowledge - INFO - Found code-base-name: https://github.com/DanAnt123/projects_realestate.git:main
2025-08-06 19:10:24,620 - Knowledge - INFO - done ingest for /app/data/T0015/54443/b2416vh/projects_realestate/pages/property/[id].js
2025-08-06 19:10:24,643 - Knowledge - INFO - process ingested knowledge for /app/data/T0015/54443/b2416vh/projects_realestate/next.config.js
2025-08-06 19:10:24,727 - Knowledge - INFO - persist ingested knowledge for /app/data/T0015/54443/b2416vh/projects_realestate/package.json
2025-08-06 19:10:24,827 - Knowledge - INFO - start ingest for /app/data/T0015/54443/b2416vh/projects_realestate/components/Layout.jsx
2025-08-06 19:10:24,912 - Knowledge - INFO - persist ingested knowledge for /app/data/T0015/54443/b2416vh/projects_realestate/components/Footer.jsx
2025-08-06 19:10:25,014 - Knowledge - INFO - start ingest for /app/data/T0015/54443/b2416vh/projects_realestate/utils/fetchApi.js
2025-08-06 19:10:25,091 - Knowledge - INFO - Thread kw10 - File filterData.js - Remaining files in queue: 0
2025-08-06 19:10:25,210 - Knowledge - INFO - Thread kw11 - File README.md - Remaining files in queue: 0
2025-08-06 19:10:25,305 - Knowledge - INFO - Found code_base: <app.utils.kg_build.knowledge.KnowledgeCodeBase object at 0x7f840bd73010>
2025-08-06 19:10:25,513 - Knowledge - INFO - process ingested knowledge for /app/data/T0015/54443/b2416vh/projects_realestate/pages/property/[id].js
2025-08-06 19:10:25,613 - Knowledge - INFO - Found code-base-name: https://github.com/DanAnt123/projects_realestate.git:main
2025-08-06 19:10:26,770 - Knowledge - INFO - Found code_base: <app.utils.kg_build.knowledge.KnowledgeCodeBase object at 0x7f840bd73010>
2025-08-06 19:10:26,099 - Knowledge - INFO - Fast-track processing for simple file: /app/data/T0015/54443/b2416vh/projects_realestate/utils/fetchApi.js
2025-08-06 19:10:26,210 - Knowledge - INFO - start ingest for /app/data/T0015/54443/b2416vh/projects_realestate/utils/filterData.js
2025-08-06 19:10:26,230 - Knowledge - INFO - done ingest for /app/data/T0015/54443/b2416vh/projects_realestate/pages/index.js
2025-08-06 19:10:26,374 - Knowledge - INFO - start ingest for /app/data/T0015/54443/b2416vh/projects_realestate/README.md
2025-08-06 19:10:26,515 - Knowledge - INFO - persist ingested knowledge for /app/data/T0015/54443/b2416vh/projects_realestate/pages/search.js
2025-08-06 19:10:26,649 - Knowledge - INFO - Found code-base-name: https://github.com/DanAnt123/projects_realestate.git:main
2025-08-06 19:10:25,844 - Knowledge - INFO - Fast-track processing for simple file: /app/data/T0015/54443/b2416vh/projects_realestate/components/Layout.jsx
2025-08-06 19:10:27,631 - Knowledge - INFO - done fast ingest for /app/data/T0015/54443/b2416vh/projects_realestate/components/Layout.jsx
2025-08-06 19:10:26,942 - Knowledge - INFO - done fast ingest for /app/data/T0015/54443/b2416vh/projects_realestate/utils/fetchApi.js
2025-08-06 19:10:27,207 - Knowledge - INFO - process ingested knowledge for /app/data/T0015/54443/b2416vh/projects_realestate/pages/index.js
2025-08-06 19:10:27,282 - Knowledge - INFO - Fast-track processing for simple file: /app/data/T0015/54443/b2416vh/projects_realestate/README.md
2025-08-06 19:10:28,098 - Knowledge - INFO - done fast ingest for /app/data/T0015/54443/b2416vh/projects_realestate/README.md
2025-08-06 19:10:26,865 - Knowledge - INFO - persist ingested knowledge for /app/data/T0015/54443/b2416vh/projects_realestate/next.config.js
2025-08-06 19:10:27,765 - Knowledge - INFO - process ingested knowledge for /app/data/T0015/54443/b2416vh/projects_realestate/components/Layout.jsx
2025-08-06 19:10:27,910 - Knowledge - INFO - done ingest for /app/data/T0015/54443/b2416vh/projects_realestate/pages/_app.js
2025-08-06 19:10:27,941 - Knowledge - INFO - process ingested knowledge for /app/data/T0015/54443/b2416vh/projects_realestate/utils/fetchApi.js
2025-08-06 19:10:27,505 - Knowledge - INFO - Found code_base: <app.utils.kg_build.knowledge.KnowledgeCodeBase object at 0x7f840bd73010>
2025-08-06 19:10:28,182 - Knowledge - INFO - process ingested knowledge for /app/data/T0015/54443/b2416vh/projects_realestate/README.md
2025-08-06 19:10:28,237 - Knowledge - INFO - persist search terms embedding for pages/search.js
2025-08-06 19:10:28,518 - Knowledge - INFO - process ingested knowledge for /app/data/T0015/54443/b2416vh/projects_realestate/pages/_app.js
2025-08-06 19:10:28,676 - Knowledge - INFO - persist ingested knowledge for /app/data/T0015/54443/b2416vh/projects_realestate/pages/property/[id].js
2025-08-06 19:10:28,946 - Knowledge - INFO - Found code-base-name: https://github.com/DanAnt123/projects_realestate.git:main
2025-08-06 19:10:28,946 - Knowledge - INFO - Found code-base-name: https://github.com/DanAnt123/projects_realestate.git:main
2025-08-06 19:10:28,946 - Knowledge - INFO - Found code-base-name: https://github.com/DanAnt123/projects_realestate.git:main
2025-08-06 19:10:28,957 - Knowledge - INFO - Found code-base-name: https://github.com/DanAnt123/projects_realestate.git:main
2025-08-06 19:10:28,974 - Knowledge - INFO - Found code-base-name: https://github.com/DanAnt123/projects_realestate.git:main
2025-08-06 19:10:29,517 - Knowledge - INFO - Found code_base: <app.utils.kg_build.knowledge.KnowledgeCodeBase object at 0x7f840bd73010>
2025-08-06 19:10:29,242 - Knowledge - INFO - Found code_base: <app.utils.kg_build.knowledge.KnowledgeCodeBase object at 0x7f840bd73010>
2025-08-06 19:10:29,325 - Knowledge - INFO - Found code_base: <app.utils.kg_build.knowledge.KnowledgeCodeBase object at 0x7f840bd73010>
2025-08-06 19:10:29,834 - Knowledge - INFO - persist ingested knowledge for /app/data/T0015/54443/b2416vh/projects_realestate/utils/fetchApi.js
2025-08-06 19:10:29,128 - Knowledge - INFO - Found code_base: <app.utils.kg_build.knowledge.KnowledgeCodeBase object at 0x7f840bd73010>
2025-08-06 19:10:29,534 - Knowledge - INFO - persist search terms embedding for pages/property/[id].js
2025-08-06 19:10:29,628 - Knowledge - INFO - persist ingested knowledge for /app/data/T0015/54443/b2416vh/projects_realestate/pages/_app.js
2025-08-06 19:10:29,716 - Knowledge - INFO - persist ingested knowledge for /app/data/T0015/54443/b2416vh/projects_realestate/pages/index.js
2025-08-06 19:10:29,415 - Knowledge - INFO - Found code_base: <app.utils.kg_build.knowledge.KnowledgeCodeBase object at 0x7f840bd73010>
2025-08-06 19:10:30,068 - Knowledge - INFO - persist ingested knowledge for /app/data/T0015/54443/b2416vh/projects_realestate/README.md
2025-08-06 19:10:30,496 - Knowledge - INFO - persist ingested knowledge for /app/data/T0015/54443/b2416vh/projects_realestate/components/Layout.jsx
2025-08-06 19:10:30,654 - Knowledge - INFO - persist search terms embedding for pages/_app.js
2025-08-06 19:10:31,287 - Knowledge - INFO - persist search terms embedding for pages/index.js
2025-08-06 19:10:33,133 - Knowledge - INFO - done ingest for /app/data/T0015/54443/b2416vh/projects_realestate/components/Property.jsx
2025-08-06 19:10:33,215 - Knowledge - INFO - done ingest for /app/data/T0015/54443/b2416vh/projects_realestate/utils/filterData.js
2025-08-06 19:10:33,243 - Knowledge - INFO - process ingested knowledge for /app/data/T0015/54443/b2416vh/projects_realestate/components/Property.jsx
2025-08-06 19:10:33,328 - Knowledge - INFO - process ingested knowledge for /app/data/T0015/54443/b2416vh/projects_realestate/utils/filterData.js
2025-08-06 19:10:33,403 - Knowledge - INFO - Found code-base-name: https://github.com/DanAnt123/projects_realestate.git:main
2025-08-06 19:10:33,504 - Knowledge - INFO - Found code-base-name: https://github.com/DanAnt123/projects_realestate.git:main
2025-08-06 19:10:33,588 - Knowledge - INFO - Found code_base: <app.utils.kg_build.knowledge.KnowledgeCodeBase object at 0x7f840bd73010>
2025-08-06 19:10:33,674 - Knowledge - INFO - Found code_base: <app.utils.kg_build.knowledge.KnowledgeCodeBase object at 0x7f840bd73010>
2025-08-06 19:10:33,786 - Knowledge - INFO - persist ingested knowledge for /app/data/T0015/54443/b2416vh/projects_realestate/components/Property.jsx
2025-08-06 19:10:33,914 - Knowledge - INFO - persist ingested knowledge for /app/data/T0015/54443/b2416vh/projects_realestate/utils/filterData.js
2025-08-06 19:10:34,573 - Knowledge - INFO - persist search terms embedding for components/Property.jsx
2025-08-06 19:10:34,599 - Knowledge - INFO - done ingest for /app/data/T0015/54443/b2416vh/projects_realestate/components/SearchFilters.jsx
2025-08-06 19:10:34,808 - Knowledge - INFO - process ingested knowledge for /app/data/T0015/54443/b2416vh/projects_realestate/components/SearchFilters.jsx
2025-08-06 19:10:35,073 - Knowledge - INFO - done ingest for /app/data/T0015/54443/b2416vh/projects_realestate/components/ImageScrollbar.jsx
2025-08-06 19:10:35,087 - Knowledge - INFO - persist search terms embedding for utils/filterData.js
2025-08-06 19:10:35,170 - Knowledge - INFO - process ingested knowledge for /app/data/T0015/54443/b2416vh/projects_realestate/components/ImageScrollbar.jsx
2025-08-06 19:10:35,246 - Knowledge - INFO - Found code-base-name: https://github.com/DanAnt123/projects_realestate.git:main
2025-08-06 19:10:35,330 - Knowledge - INFO - Found code-base-name: https://github.com/DanAnt123/projects_realestate.git:main
2025-08-06 19:10:35,411 - Knowledge - INFO - Found code_base: <app.utils.kg_build.knowledge.KnowledgeCodeBase object at 0x7f840bd73010>
2025-08-06 19:10:35,496 - Knowledge - INFO - Found code_base: <app.utils.kg_build.knowledge.KnowledgeCodeBase object at 0x7f840bd73010>
2025-08-06 19:10:35,703 - Knowledge - INFO - persist ingested knowledge for /app/data/T0015/54443/b2416vh/projects_realestate/components/ImageScrollbar.jsx
2025-08-06 19:10:35,579 - Knowledge - INFO - persist ingested knowledge for /app/data/T0015/54443/b2416vh/projects_realestate/components/SearchFilters.jsx
2025-08-06 19:10:36,203 - Knowledge - INFO - persist search terms embedding for components/ImageScrollbar.jsx
2025-08-06 19:10:36,656 - Knowledge - INFO - persist search terms embedding for components/SearchFilters.jsx
2025-08-06 19:10:37,107 - Knowledge - INFO - done ingest for /app/data/T0015/54443/b2416vh/projects_realestate/components/Navbar.jsx
2025-08-06 19:10:37,231 - Knowledge - INFO - process ingested knowledge for /app/data/T0015/54443/b2416vh/projects_realestate/components/Navbar.jsx
2025-08-06 19:10:37,344 - Knowledge - INFO - Found code-base-name: https://github.com/DanAnt123/projects_realestate.git:main
2025-08-06 19:10:37,429 - Knowledge - INFO - Found code_base: <app.utils.kg_build.knowledge.KnowledgeCodeBase object at 0x7f840bd73010>
2025-08-06 19:10:37,538 - Knowledge - INFO - persist ingested knowledge for /app/data/T0015/54443/b2416vh/projects_realestate/components/Navbar.jsx
2025-08-06 19:10:37,951 - Knowledge - INFO - persist search terms embedding for components/Navbar.jsx
2025-08-06 19:10:38,076 - Knowledge - INFO - Knowledge creation complete
2025-08-06 19:10:38,171 - Knowledge - INFO - Updating org costs, total cost: 0.0028672
2025-08-06 19:10:39,201 - Knowledge - INFO - Saving knowledge to Redis...
2025-08-06 19:10:39,328 - Knowledge - INFO - Knowledge saved to Redis successfully
